Copyright 1986-2021 Xilinx, Inc. All Rights Reserved.
<<<<<<<< HEAD:Final_GK_AD/Final_GK_AD.runs/impl_1/servo_utilization_placed.rpt
-------------------------------------------------------------------------------------------------------
| Tool Version : Vivado v.2021.1 (win64) Build 3247384 Thu Jun 10 19:36:33 MDT 2021
| Date         : Tue Apr 23 13:38:22 2024
| Host         : P2-05 running 64-bit major release  (build 9200)
| Command      : report_utilization -file servo_utilization_placed.rpt -pb servo_utilization_placed.pb
| Design       : servo
| Device       : 7a100tcsg324-1
| Design State : Fully Placed
-------------------------------------------------------------------------------------------------------
========
-----------------------------------------------------------------------------------------------------------------
| Tool Version : Vivado v.2021.1 (win64) Build 3247384 Thu Jun 10 19:36:33 MDT 2021
| Date         : Tue Apr 23 12:29:49 2024
| Host         : P2-05 running 64-bit major release  (build 9200)
| Command      : report_utilization -file servo_test_utilization_placed.rpt -pb servo_test_utilization_placed.pb
| Design       : servo_test
| Device       : 7a100tcsg324-1
| Design State : Fully Placed
-----------------------------------------------------------------------------------------------------------------
>>>>>>>> dc9812e3eb4292b1380054bc552933c16d025d2b:Final_GK_AD/Final_GK_AD.runs/impl_1/servo_test_utilization_placed.rpt

Utilization Design Information

Table of Contents
-----------------
1. Slice Logic
1.1 Summary of Registers by Type
2. Slice Logic Distribution
3. Memory
4. DSP
5. IO and GT Specific
6. Clocking
7. Specific Feature
8. Primitives
9. Black Boxes
10. Instantiated Netlists

1. Slice Logic
--------------

+-------------------------+------+-------+------------+-----------+-------+
|        Site Type        | Used | Fixed | Prohibited | Available | Util% |
+-------------------------+------+-------+------------+-----------+-------+
<<<<<<<< HEAD:Final_GK_AD/Final_GK_AD.runs/impl_1/servo_utilization_placed.rpt
| Slice LUTs              |    7 |     0 |          0 |     63400 |  0.01 |
|   LUT as Logic          |    7 |     0 |          0 |     63400 |  0.01 |
|   LUT as Memory         |    0 |     0 |          0 |     19000 |  0.00 |
| Slice Registers         |   22 |     0 |          0 |    126800 |  0.02 |
|   Register as Flip Flop |   22 |     0 |          0 |    126800 |  0.02 |
========
| Slice LUTs              |   33 |     0 |          0 |     63400 |  0.05 |
|   LUT as Logic          |   33 |     0 |          0 |     63400 |  0.05 |
|   LUT as Memory         |    0 |     0 |          0 |     19000 |  0.00 |
| Slice Registers         |   21 |     0 |          0 |    126800 |  0.02 |
|   Register as Flip Flop |   21 |     0 |          0 |    126800 |  0.02 |
>>>>>>>> dc9812e3eb4292b1380054bc552933c16d025d2b:Final_GK_AD/Final_GK_AD.runs/impl_1/servo_test_utilization_placed.rpt
|   Register as Latch     |    0 |     0 |          0 |    126800 |  0.00 |
| F7 Muxes                |    0 |     0 |          0 |     31700 |  0.00 |
| F8 Muxes                |    0 |     0 |          0 |     15850 |  0.00 |
+-------------------------+------+-------+------------+-----------+-------+


1.1 Summary of Registers by Type
--------------------------------

+-------+--------------+-------------+--------------+
| Total | Clock Enable | Synchronous | Asynchronous |
+-------+--------------+-------------+--------------+
| 0     |            _ |           - |            - |
| 0     |            _ |           - |          Set |
| 0     |            _ |           - |        Reset |
| 0     |            _ |         Set |            - |
| 0     |            _ |       Reset |            - |
| 0     |          Yes |           - |            - |
| 0     |          Yes |           - |          Set |
| 0     |          Yes |           - |        Reset |
<<<<<<<< HEAD:Final_GK_AD/Final_GK_AD.runs/impl_1/servo_utilization_placed.rpt
| 1     |          Yes |         Set |            - |
========
| 0     |          Yes |         Set |            - |
>>>>>>>> dc9812e3eb4292b1380054bc552933c16d025d2b:Final_GK_AD/Final_GK_AD.runs/impl_1/servo_test_utilization_placed.rpt
| 21    |          Yes |       Reset |            - |
+-------+--------------+-------------+--------------+


2. Slice Logic Distribution
---------------------------

<<<<<<<< HEAD:Final_GK_AD/Final_GK_AD.runs/impl_1/servo_utilization_placed.rpt
+--------------------------------------------+------+-------+------------+-----------+-------+
|                  Site Type                 | Used | Fixed | Prohibited | Available | Util% |
+--------------------------------------------+------+-------+------------+-----------+-------+
| Slice                                      |   10 |     0 |          0 |     15850 |  0.06 |
|   SLICEL                                   |   10 |     0 |            |           |       |
|   SLICEM                                   |    0 |     0 |            |           |       |
| LUT as Logic                               |    7 |     0 |          0 |     63400 |  0.01 |
|   using O5 output only                     |    0 |       |            |           |       |
|   using O6 output only                     |    5 |       |            |           |       |
|   using O5 and O6                          |    2 |       |            |           |       |
| LUT as Memory                              |    0 |     0 |          0 |     19000 |  0.00 |
|   LUT as Distributed RAM                   |    0 |     0 |            |           |       |
|   LUT as Shift Register                    |    0 |     0 |            |           |       |
| Slice Registers                            |   22 |     0 |          0 |    126800 |  0.02 |
|   Register driven from within the Slice    |   21 |       |            |           |       |
|   Register driven from outside the Slice   |    1 |       |            |           |       |
|     LUT in front of the register is unused |    0 |       |            |           |       |
|     LUT in front of the register is used   |    1 |       |            |           |       |
| Unique Control Sets                        |    2 |       |          0 |     15850 |  0.01 |
+--------------------------------------------+------+-------+------------+-----------+-------+
========
+------------------------------------------+------+-------+------------+-----------+-------+
|                 Site Type                | Used | Fixed | Prohibited | Available | Util% |
+------------------------------------------+------+-------+------------+-----------+-------+
| Slice                                    |   10 |     0 |          0 |     15850 |  0.06 |
|   SLICEL                                 |    8 |     0 |            |           |       |
|   SLICEM                                 |    2 |     0 |            |           |       |
| LUT as Logic                             |   33 |     0 |          0 |     63400 |  0.05 |
|   using O5 output only                   |    0 |       |            |           |       |
|   using O6 output only                   |   26 |       |            |           |       |
|   using O5 and O6                        |    7 |       |            |           |       |
| LUT as Memory                            |    0 |     0 |          0 |     19000 |  0.00 |
|   LUT as Distributed RAM                 |    0 |     0 |            |           |       |
|   LUT as Shift Register                  |    0 |     0 |            |           |       |
| Slice Registers                          |   21 |     0 |          0 |    126800 |  0.02 |
|   Register driven from within the Slice  |   21 |       |            |           |       |
|   Register driven from outside the Slice |    0 |       |            |           |       |
| Unique Control Sets                      |    2 |       |          0 |     15850 |  0.01 |
+------------------------------------------+------+-------+------------+-----------+-------+
>>>>>>>> dc9812e3eb4292b1380054bc552933c16d025d2b:Final_GK_AD/Final_GK_AD.runs/impl_1/servo_test_utilization_placed.rpt
* * Note: Available Control Sets calculated as Slice * 1, Review the Control Sets Report for more information regarding control sets.


3. Memory
---------

+----------------+------+-------+------------+-----------+-------+
|    Site Type   | Used | Fixed | Prohibited | Available | Util% |
+----------------+------+-------+------------+-----------+-------+
| Block RAM Tile |    0 |     0 |          0 |       135 |  0.00 |
|   RAMB36/FIFO* |    0 |     0 |          0 |       135 |  0.00 |
|   RAMB18       |    0 |     0 |          0 |       270 |  0.00 |
+----------------+------+-------+------------+-----------+-------+
* Note: Each Block RAM Tile only has one FIFO logic available and therefore can accommodate only one FIFO36E1 or one FIFO18E1. However, if a FIFO18E1 occupies a Block RAM Tile, that tile can still accommodate a RAMB18E1


4. DSP
------

+-----------+------+-------+------------+-----------+-------+
| Site Type | Used | Fixed | Prohibited | Available | Util% |
+-----------+------+-------+------------+-----------+-------+
| DSPs      |    0 |     0 |          0 |       240 |  0.00 |
+-----------+------+-------+------------+-----------+-------+


5. IO and GT Specific
---------------------

+-----------------------------+------+-------+------------+-----------+-------+
|          Site Type          | Used | Fixed | Prohibited | Available | Util% |
+-----------------------------+------+-------+------------+-----------+-------+
<<<<<<<< HEAD:Final_GK_AD/Final_GK_AD.runs/impl_1/servo_utilization_placed.rpt
| Bonded IOB                  |   22 |    22 |          0 |       210 | 10.48 |
|   IOB Master Pads           |   10 |       |            |           |       |
|   IOB Slave Pads            |   12 |       |            |           |       |
========
| Bonded IOB                  |   23 |    23 |          0 |       210 | 10.95 |
|   IOB Master Pads           |   10 |       |            |           |       |
|   IOB Slave Pads            |   13 |       |            |           |       |
>>>>>>>> dc9812e3eb4292b1380054bc552933c16d025d2b:Final_GK_AD/Final_GK_AD.runs/impl_1/servo_test_utilization_placed.rpt
| Bonded IPADs                |    0 |     0 |          0 |         2 |  0.00 |
| PHY_CONTROL                 |    0 |     0 |          0 |         6 |  0.00 |
| PHASER_REF                  |    0 |     0 |          0 |         6 |  0.00 |
| OUT_FIFO                    |    0 |     0 |          0 |        24 |  0.00 |
| IN_FIFO                     |    0 |     0 |          0 |        24 |  0.00 |
| IDELAYCTRL                  |    0 |     0 |          0 |         6 |  0.00 |
| IBUFDS                      |    0 |     0 |          0 |       202 |  0.00 |
| PHASER_OUT/PHASER_OUT_PHY   |    0 |     0 |          0 |        24 |  0.00 |
| PHASER_IN/PHASER_IN_PHY     |    0 |     0 |          0 |        24 |  0.00 |
| IDELAYE2/IDELAYE2_FINEDELAY |    0 |     0 |          0 |       300 |  0.00 |
| ILOGIC                      |    0 |     0 |          0 |       210 |  0.00 |
| OLOGIC                      |    0 |     0 |          0 |       210 |  0.00 |
+-----------------------------+------+-------+------------+-----------+-------+


6. Clocking
-----------

+------------+------+-------+------------+-----------+-------+
|  Site Type | Used | Fixed | Prohibited | Available | Util% |
+------------+------+-------+------------+-----------+-------+
| BUFGCTRL   |    1 |     0 |          0 |        32 |  3.13 |
| BUFIO      |    0 |     0 |          0 |        24 |  0.00 |
| MMCME2_ADV |    0 |     0 |          0 |         6 |  0.00 |
| PLLE2_ADV  |    0 |     0 |          0 |         6 |  0.00 |
| BUFMRCE    |    0 |     0 |          0 |        12 |  0.00 |
| BUFHCE     |    0 |     0 |          0 |        96 |  0.00 |
| BUFR       |    0 |     0 |          0 |        24 |  0.00 |
+------------+------+-------+------------+-----------+-------+


7. Specific Feature
-------------------

+-------------+------+-------+------------+-----------+-------+
|  Site Type  | Used | Fixed | Prohibited | Available | Util% |
+-------------+------+-------+------------+-----------+-------+
| BSCANE2     |    0 |     0 |          0 |         4 |  0.00 |
| CAPTUREE2   |    0 |     0 |          0 |         1 |  0.00 |
| DNA_PORT    |    0 |     0 |          0 |         1 |  0.00 |
| EFUSE_USR   |    0 |     0 |          0 |         1 |  0.00 |
| FRAME_ECCE2 |    0 |     0 |          0 |         1 |  0.00 |
| ICAPE2      |    0 |     0 |          0 |         2 |  0.00 |
| PCIE_2_1    |    0 |     0 |          0 |         1 |  0.00 |
| STARTUPE2   |    0 |     0 |          0 |         1 |  0.00 |
| XADC        |    0 |     0 |          0 |         1 |  0.00 |
+-------------+------+-------+------------+-----------+-------+


8. Primitives
-------------

+----------+------+---------------------+
| Ref Name | Used | Functional Category |
+----------+------+---------------------+
<<<<<<<< HEAD:Final_GK_AD/Final_GK_AD.runs/impl_1/servo_utilization_placed.rpt
| OBUF     |   21 |                  IO |
| FDRE     |   21 |        Flop & Latch |
| CARRY4   |    6 |          CarryLogic |
| LUT4     |    4 |                 LUT |
| LUT5     |    3 |                 LUT |
| LUT6     |    1 |                 LUT |
| LUT1     |    1 |                 LUT |
| IBUF     |    1 |                  IO |
| FDSE     |    1 |        Flop & Latch |
========
| LUT6     |   22 |                 LUT |
| OBUF     |   21 |                  IO |
| FDRE     |   21 |        Flop & Latch |
| LUT3     |   11 |                 LUT |
| CARRY4   |    7 |          CarryLogic |
| LUT2     |    5 |                 LUT |
| IBUF     |    2 |                  IO |
| LUT5     |    1 |                 LUT |
| LUT4     |    1 |                 LUT |
>>>>>>>> dc9812e3eb4292b1380054bc552933c16d025d2b:Final_GK_AD/Final_GK_AD.runs/impl_1/servo_test_utilization_placed.rpt
| BUFG     |    1 |               Clock |
+----------+------+---------------------+


9. Black Boxes
--------------

+----------+------+
| Ref Name | Used |
+----------+------+


10. Instantiated Netlists
-------------------------

+----------+------+
| Ref Name | Used |
+----------+------+


